// Jest Snapshot v1, https://goo.gl/fbAQLP

exports[`withActiveFilm is rendered correctly 1`] = `<div />`;
